In testing Kindred: {"t":{"b":{},"str":"string","num":42}}
In testing rand_buffer(): random buffer length: 200
In testing rand_buffer(): random buffer length: 98
In testing rand_buffer(): random buffer length: 200
In testing rand_buffer(): random buffer length: 78
In testing rand_buffer(): random buffer length: 169
In testing rand_buffer(): random buffer length: 25
In testing rand_buffer(): random buffer length: 115
In testing rand_buffer(): random buffer length: 200
In testing rand_buffer(): random buffer length: 200
In testing rand_buffer(): random buffer length: 200
In testing rand_buffer(): random buffer length: 134
In testing rand_buffer(): random buffer length: 200
In testing rand_buffer(): random buffer length: 67
In testing rand_buffer(): random buffer length: 200
In testing rand_buffer(): random buffer length: 200
In testing rand_buffer(): random buffer length: 58
In testing rand_buffer(): random buffer length: 99
In testing rand_buffer(): random buffer length: 48
In testing rand_buffer(): random buffer length: 157
In testing rand_buffer(): random buffer length: 148
In testing rand_buffer(): random buffer length: 131
In testing rand_buffer(): random buffer length: 200
In testing rand_buffer(): random buffer length: 112
In testing rand_buffer(): random buffer length: 84
In testing rand_buffer(): random buffer length: 81
In testing rand_buffer(): Created random buffer: {"0":194,"1":113,"2":158,"3":27,"4":242,"5":126,"6":13,"7":204,"8":113,"9":231,"10":40,"11":165,"12":196,"13":19,"14":162,"15":73,"16":149,"17":134,"18":233,"19":236,"20":10,"21":136,"22":123,"23":84,"24":99,"25":198,"26":249,"27":223,"28":223,"29":128,"30":70,"31":84,"32":159,"33":253,"34":147,"35":19,"36":157,"37":58,"38":52,"39":115,"40":29,"41":244,"42":219,"43":116,"44":32,"45":64,"46":202,"47":124,"48":203,"49":174,"50":66,"51":177,"52":104,"53":180,"54":0,"55":210,"56":198,"57":120,"58":149,"59":129,"60":140,"61":70,"62":189,"63":12,"64":6,"65":38,"66":211,"67":202,"68":248,"69":29,"70":187,"71":92,"72":83,"73":110,"74":254,"75":176,"76":207,"77":110,"78":156,"79":22,"80":229,"81":146,"82":244,"83":88,"84":211,"85":196,"86":96,"87":37,"88":166,"89":136,"90":214,"91":254,"92":250,"93":106,"94":120,"95":49,"96":43,"97":71,"98":138,"99":221,"100":250,"101":199,"102":171,"103":96,"104":101,"105":175,"106":88,"107":234,"108":249,"109":187,"110":165,"111":10,"112":183,"113":154,"114":8,"115":155,"116":81,"117":26,"118":24,"119":25,"120":87,"121":41,"122":15,"123":88,"124":51,"125":223,"126":151,"127":209,"128":8,"129":240,"130":1,"131":167,"132":186,"133":245,"134":151,"135":214,"136":78,"137":131,"138":47,"139":170,"140":121,"141":131,"142":91,"143":113,"144":103,"145":214,"146":134,"147":220,"148":66,"149":41,"150":42,"151":88,"152":216,"153":88,"154":157,"155":58,"156":144,"157":254,"158":239,"159":211,"160":125,"161":63,"162":232,"163":20,"164":199,"165":250,"166":188,"167":160,"168":233,"169":235,"170":81,"171":163,"172":66,"173":109,"174":96,"175":71,"176":82,"177":124,"178":83,"179":207,"180":77,"181":150,"182":68,"183":187,"184":84,"185":9,"186":170,"187":205,"188":74,"189":250,"190":123,"191":156,"192":170,"193":171,"194":252,"195":76,"196":186,"197":89,"198":183,"199":134,"BYTES_PER_ELEMENT":1,"buffer":{"0":194,"1":113,"2":158,"3":27,"4":242,"5":126,"6":13,"7":204,"8":113,"9":231,"10":40,"11":165,"12":196,"13":19,"14":162,"15":73,"16":149,"17":134,"18":233,"19":236,"20":10,"21":136,"22":123,"23":84,"24":99,"25":198,"26":249,"27":223,"28":223,"29":128,"30":70,"31":84,"32":159,"33":253,"34":147,"35":19,"36":157,"37":58,"38":52,"39":115,"40":29,"41":244,"42":219,"43":116,"44":32,"45":64,"46":202,"47":124,"48":203,"49":174,"50":66,"51":177,"52":104,"53":180,"54":0,"55":210,"56":198,"57":120,"58":149,"59":129,"60":140,"61":70,"62":189,"63":12,"64":6,"65":38,"66":211,"67":202,"68":248,"69":29,"70":187,"71":92,"72":83,"73":110,"74":254,"75":176,"76":207,"77":110,"78":156,"79":22,"80":229,"81":146,"82":244,"83":88,"84":211,"85":196,"86":96,"87":37,"88":166,"89":136,"90":214,"91":254,"92":250,"93":106,"94":120,"95":49,"96":43,"97":71,"98":138,"99":221,"100":250,"101":199,"102":171,"103":96,"104":101,"105":175,"106":88,"107":234,"108":249,"109":187,"110":165,"111":10,"112":183,"113":154,"114":8,"115":155,"116":81,"117":26,"118":24,"119":25,"120":87,"121":41,"122":15,"123":88,"124":51,"125":223,"126":151,"127":209,"128":8,"129":240,"130":1,"131":167,"132":186,"133":245,"134":151,"135":214,"136":78,"137":131,"138":47,"139":170,"140":121,"141":131,"142":91,"143":113,"144":103,"145":214,"146":134,"147":220,"148":66,"149":41,"150":42,"151":88,"152":216,"153":88,"154":157,"155":58,"156":144,"157":254,"158":239,"159":211,"160":125,"161":63,"162":232,"163":20,"164":199,"165":250,"166":188,"167":160,"168":233,"169":235,"170":81,"171":163,"172":66,"173":109,"174":96,"175":71,"176":82,"177":124,"178":83,"179":207,"180":77,"181":150,"182":68,"183":187,"184":84,"185":9,"186":170,"187":205,"188":74,"189":250,"190":123,"191":156,"192":170,"193":171,"194":252,"195":76,"196":186,"197":89,"198":183,"199":134,"byteLength":200},"length":200,"byteOffset":0,"byteLength":200}
In testing cipher: create_cipher() w/ random seed: {"0":116,"1":94,"2":83,"3":123,"4":69,"5":32,"6":86,"7":254,"8":188,"9":157,"10":140,"11":162,"12":141,"13":112,"14":10,"15":190,"16":187,"17":71,"18":3,"19":232,"20":80,"21":200,"22":93,"23":13,"24":6,"25":36,"26":153,"27":134,"28":82,"29":11,"30":252,"31":169,"32":168,"33":110,"34":76,"35":29,"36":209,"37":219,"38":144,"39":221,"40":102,"41":63,"42":60,"43":57,"44":242,"45":184,"46":230,"47":113,"48":255,"49":215,"50":108,"51":66,"52":8,"53":137,"54":98,"55":239,"56":207,"57":167,"58":19,"59":166,"60":145,"61":245,"62":135,"63":224,"64":164,"65":28,"66":92,"67":30,"68":97,"69":186,"70":158,"71":127,"72":139,"73":41,"74":51,"75":87,"76":210,"77":233,"78":237,"79":12,"80":70,"81":194,"82":185,"83":155,"84":161,"85":160,"86":238,"87":179,"88":253,"89":84,"90":21,"91":223,"92":146,"93":114,"94":251,"95":47,"96":211,"97":202,"98":154,"99":133,"100":111,"101":217,"102":181,"103":195,"104":103,"105":178,"106":96,"107":191,"108":25,"109":165,"110":235,"111":243,"112":118,"113":128,"114":85,"115":9,"116":34,"117":22,"118":231,"119":54,"120":236,"121":241,"122":24,"123":42,"124":246,"125":228,"126":115,"127":225,"128":216,"129":38,"130":177,"131":156,"132":48,"133":125,"134":226,"135":31,"136":138,"137":91,"138":18,"139":136,"140":81,"141":37,"142":142,"143":199,"144":197,"145":72,"146":45,"147":212,"148":77,"149":247,"150":7,"151":208,"152":229,"153":95,"154":26,"155":53,"156":151,"157":50,"158":74,"159":1,"160":148,"161":174,"162":88,"163":143,"164":227,"165":173,"166":240,"167":65,"168":170,"169":105,"170":180,"171":49,"172":43,"173":122,"174":152,"175":79,"176":129,"177":90,"178":46,"179":52,"180":104,"181":189,"182":198,"183":213,"184":35,"185":16,"186":109,"187":120,"188":107,"189":176,"190":15,"191":147,"192":244,"193":20,"194":117,"195":62,"196":59,"197":159,"198":0,"199":204,"200":39,"201":222,"202":234,"203":44,"204":89,"205":56,"206":214,"207":126,"208":5,"209":99,"210":78,"211":2,"212":75,"213":40,"214":119,"215":64,"216":100,"217":106,"218":73,"219":172,"220":58,"221":175,"222":67,"223":4,"224":248,"225":149,"226":193,"227":23,"228":206,"229":183,"230":17,"231":163,"232":250,"233":33,"234":68,"235":14,"236":218,"237":205,"238":171,"239":150,"240":124,"241":61,"242":131,"243":196,"244":55,"245":27,"246":220,"247":121,"248":203,"249":132,"250":182,"251":249,"252":192,"253":101,"254":130,"255":201,"BYTES_PER_ELEMENT":1,"buffer":{"0":116,"1":94,"2":83,"3":123,"4":69,"5":32,"6":86,"7":254,"8":188,"9":157,"10":140,"11":162,"12":141,"13":112,"14":10,"15":190,"16":187,"17":71,"18":3,"19":232,"20":80,"21":200,"22":93,"23":13,"24":6,"25":36,"26":153,"27":134,"28":82,"29":11,"30":252,"31":169,"32":168,"33":110,"34":76,"35":29,"36":209,"37":219,"38":144,"39":221,"40":102,"41":63,"42":60,"43":57,"44":242,"45":184,"46":230,"47":113,"48":255,"49":215,"50":108,"51":66,"52":8,"53":137,"54":98,"55":239,"56":207,"57":167,"58":19,"59":166,"60":145,"61":245,"62":135,"63":224,"64":164,"65":28,"66":92,"67":30,"68":97,"69":186,"70":158,"71":127,"72":139,"73":41,"74":51,"75":87,"76":210,"77":233,"78":237,"79":12,"80":70,"81":194,"82":185,"83":155,"84":161,"85":160,"86":238,"87":179,"88":253,"89":84,"90":21,"91":223,"92":146,"93":114,"94":251,"95":47,"96":211,"97":202,"98":154,"99":133,"100":111,"101":217,"102":181,"103":195,"104":103,"105":178,"106":96,"107":191,"108":25,"109":165,"110":235,"111":243,"112":118,"113":128,"114":85,"115":9,"116":34,"117":22,"118":231,"119":54,"120":236,"121":241,"122":24,"123":42,"124":246,"125":228,"126":115,"127":225,"128":216,"129":38,"130":177,"131":156,"132":48,"133":125,"134":226,"135":31,"136":138,"137":91,"138":18,"139":136,"140":81,"141":37,"142":142,"143":199,"144":197,"145":72,"146":45,"147":212,"148":77,"149":247,"150":7,"151":208,"152":229,"153":95,"154":26,"155":53,"156":151,"157":50,"158":74,"159":1,"160":148,"161":174,"162":88,"163":143,"164":227,"165":173,"166":240,"167":65,"168":170,"169":105,"170":180,"171":49,"172":43,"173":122,"174":152,"175":79,"176":129,"177":90,"178":46,"179":52,"180":104,"181":189,"182":198,"183":213,"184":35,"185":16,"186":109,"187":120,"188":107,"189":176,"190":15,"191":147,"192":244,"193":20,"194":117,"195":62,"196":59,"197":159,"198":0,"199":204,"200":39,"201":222,"202":234,"203":44,"204":89,"205":56,"206":214,"207":126,"208":5,"209":99,"210":78,"211":2,"212":75,"213":40,"214":119,"215":64,"216":100,"217":106,"218":73,"219":172,"220":58,"221":175,"222":67,"223":4,"224":248,"225":149,"226":193,"227":23,"228":206,"229":183,"230":17,"231":163,"232":250,"233":33,"234":68,"235":14,"236":218,"237":205,"238":171,"239":150,"240":124,"241":61,"242":131,"243":196,"244":55,"245":27,"246":220,"247":121,"248":203,"249":132,"250":182,"251":249,"252":192,"253":101,"254":130,"255":201,"byteLength":256},"length":256,"byteOffset":0,"byteLength":256}
In testing cipher: create_cipher() w/ seed [1,2,4,8,12]: {"0":0,"1":2,"2":1,"3":3,"4":8,"5":5,"6":12,"7":9,"8":4,"9":7,"10":10,"11":11,"12":6,"13":17,"14":14,"15":15,"16":16,"17":13,"18":18,"19":19,"20":20,"21":21,"22":22,"23":23,"24":24,"25":25,"26":26,"27":27,"28":28,"29":29,"30":30,"31":31,"32":32,"33":33,"34":35,"35":34,"36":36,"37":45,"38":39,"39":38,"40":40,"41":37,"42":42,"43":43,"44":44,"45":98,"46":46,"47":47,"48":48,"49":122,"50":50,"51":51,"52":52,"53":53,"54":54,"55":55,"56":56,"57":57,"58":58,"59":59,"60":60,"61":61,"62":62,"63":63,"64":64,"65":65,"66":173,"67":69,"68":68,"69":67,"70":70,"71":71,"72":72,"73":77,"74":74,"75":75,"76":76,"77":73,"78":78,"79":79,"80":80,"81":81,"82":82,"83":83,"84":84,"85":85,"86":86,"87":87,"88":88,"89":89,"90":90,"91":91,"92":92,"93":93,"94":94,"95":95,"96":96,"97":97,"98":99,"99":101,"100":100,"101":105,"102":102,"103":103,"104":104,"105":109,"106":106,"107":107,"108":108,"109":41,"110":110,"111":111,"112":112,"113":113,"114":114,"115":115,"116":116,"117":117,"118":118,"119":119,"120":120,"121":121,"122":49,"123":125,"124":124,"125":123,"126":126,"127":127,"128":128,"129":133,"130":130,"131":131,"132":132,"133":129,"134":134,"135":135,"136":136,"137":137,"138":138,"139":139,"140":140,"141":141,"142":142,"143":143,"144":144,"145":145,"146":146,"147":147,"148":148,"149":149,"150":150,"151":151,"152":152,"153":153,"154":154,"155":155,"156":156,"157":157,"158":158,"159":159,"160":160,"161":161,"162":163,"163":162,"164":164,"165":169,"166":166,"167":167,"168":168,"169":165,"170":170,"171":171,"172":172,"173":66,"174":174,"175":175,"176":176,"177":177,"178":178,"179":179,"180":180,"181":181,"182":182,"183":183,"184":184,"185":185,"186":186,"187":187,"188":188,"189":189,"190":190,"191":191,"192":192,"193":193,"194":194,"195":195,"196":196,"197":197,"198":198,"199":199,"200":200,"201":201,"202":202,"203":203,"204":204,"205":205,"206":206,"207":207,"208":208,"209":209,"210":210,"211":211,"212":212,"213":213,"214":214,"215":215,"216":216,"217":217,"218":218,"219":219,"220":220,"221":221,"222":222,"223":223,"224":224,"225":225,"226":226,"227":227,"228":228,"229":229,"230":230,"231":231,"232":232,"233":233,"234":234,"235":235,"236":236,"237":237,"238":238,"239":239,"240":240,"241":241,"242":242,"243":243,"244":244,"245":245,"246":246,"247":247,"248":248,"249":249,"250":250,"251":251,"252":252,"253":253,"254":254,"255":255,"BYTES_PER_ELEMENT":1,"buffer":{"0":0,"1":2,"2":1,"3":3,"4":8,"5":5,"6":12,"7":9,"8":4,"9":7,"10":10,"11":11,"12":6,"13":17,"14":14,"15":15,"16":16,"17":13,"18":18,"19":19,"20":20,"21":21,"22":22,"23":23,"24":24,"25":25,"26":26,"27":27,"28":28,"29":29,"30":30,"31":31,"32":32,"33":33,"34":35,"35":34,"36":36,"37":45,"38":39,"39":38,"40":40,"41":37,"42":42,"43":43,"44":44,"45":98,"46":46,"47":47,"48":48,"49":122,"50":50,"51":51,"52":52,"53":53,"54":54,"55":55,"56":56,"57":57,"58":58,"59":59,"60":60,"61":61,"62":62,"63":63,"64":64,"65":65,"66":173,"67":69,"68":68,"69":67,"70":70,"71":71,"72":72,"73":77,"74":74,"75":75,"76":76,"77":73,"78":78,"79":79,"80":80,"81":81,"82":82,"83":83,"84":84,"85":85,"86":86,"87":87,"88":88,"89":89,"90":90,"91":91,"92":92,"93":93,"94":94,"95":95,"96":96,"97":97,"98":99,"99":101,"100":100,"101":105,"102":102,"103":103,"104":104,"105":109,"106":106,"107":107,"108":108,"109":41,"110":110,"111":111,"112":112,"113":113,"114":114,"115":115,"116":116,"117":117,"118":118,"119":119,"120":120,"121":121,"122":49,"123":125,"124":124,"125":123,"126":126,"127":127,"128":128,"129":133,"130":130,"131":131,"132":132,"133":129,"134":134,"135":135,"136":136,"137":137,"138":138,"139":139,"140":140,"141":141,"142":142,"143":143,"144":144,"145":145,"146":146,"147":147,"148":148,"149":149,"150":150,"151":151,"152":152,"153":153,"154":154,"155":155,"156":156,"157":157,"158":158,"159":159,"160":160,"161":161,"162":163,"163":162,"164":164,"165":169,"166":166,"167":167,"168":168,"169":165,"170":170,"171":171,"172":172,"173":66,"174":174,"175":175,"176":176,"177":177,"178":178,"179":179,"180":180,"181":181,"182":182,"183":183,"184":184,"185":185,"186":186,"187":187,"188":188,"189":189,"190":190,"191":191,"192":192,"193":193,"194":194,"195":195,"196":196,"197":197,"198":198,"199":199,"200":200,"201":201,"202":202,"203":203,"204":204,"205":205,"206":206,"207":207,"208":208,"209":209,"210":210,"211":211,"212":212,"213":213,"214":214,"215":215,"216":216,"217":217,"218":218,"219":219,"220":220,"221":221,"222":222,"223":223,"224":224,"225":225,"226":226,"227":227,"228":228,"229":229,"230":230,"231":231,"232":232,"233":233,"234":234,"235":235,"236":236,"237":237,"238":238,"239":239,"240":240,"241":241,"242":242,"243":243,"244":244,"245":245,"246":246,"247":247,"248":248,"249":249,"250":250,"251":251,"252":252,"253":253,"254":254,"255":255,"byteLength":256},"length":256,"byteOffset":0,"byteLength":256}
In testing cipher: create_cipher() w/ seed [1,1,1,1,1,1]: {"0":0,"1":1,"2":2,"3":3,"4":4,"5":5,"6":6,"7":7,"8":8,"9":9,"10":10,"11":11,"12":12,"13":13,"14":14,"15":15,"16":16,"17":17,"18":18,"19":19,"20":20,"21":21,"22":22,"23":23,"24":24,"25":25,"26":26,"27":27,"28":28,"29":29,"30":30,"31":31,"32":32,"33":33,"34":34,"35":35,"36":36,"37":37,"38":38,"39":39,"40":40,"41":41,"42":42,"43":43,"44":44,"45":45,"46":46,"47":47,"48":48,"49":49,"50":50,"51":51,"52":52,"53":53,"54":54,"55":55,"56":56,"57":57,"58":58,"59":59,"60":60,"61":61,"62":62,"63":63,"64":64,"65":65,"66":66,"67":67,"68":68,"69":69,"70":70,"71":71,"72":72,"73":73,"74":74,"75":75,"76":76,"77":77,"78":78,"79":79,"80":80,"81":81,"82":82,"83":83,"84":84,"85":85,"86":86,"87":87,"88":88,"89":89,"90":90,"91":91,"92":92,"93":93,"94":94,"95":95,"96":96,"97":97,"98":98,"99":99,"100":100,"101":101,"102":102,"103":103,"104":104,"105":105,"106":106,"107":107,"108":108,"109":109,"110":110,"111":111,"112":112,"113":113,"114":114,"115":115,"116":116,"117":117,"118":118,"119":119,"120":120,"121":121,"122":122,"123":123,"124":124,"125":125,"126":126,"127":127,"128":128,"129":129,"130":130,"131":131,"132":132,"133":133,"134":134,"135":135,"136":136,"137":137,"138":138,"139":139,"140":140,"141":141,"142":142,"143":143,"144":144,"145":145,"146":146,"147":147,"148":148,"149":149,"150":150,"151":151,"152":152,"153":153,"154":154,"155":155,"156":156,"157":157,"158":158,"159":159,"160":160,"161":161,"162":162,"163":163,"164":164,"165":165,"166":166,"167":167,"168":168,"169":169,"170":170,"171":171,"172":172,"173":173,"174":174,"175":175,"176":176,"177":177,"178":178,"179":179,"180":180,"181":181,"182":182,"183":183,"184":184,"185":185,"186":186,"187":187,"188":188,"189":189,"190":190,"191":191,"192":192,"193":193,"194":194,"195":195,"196":196,"197":197,"198":198,"199":199,"200":200,"201":201,"202":202,"203":203,"204":204,"205":205,"206":206,"207":207,"208":208,"209":209,"210":210,"211":211,"212":212,"213":213,"214":214,"215":215,"216":216,"217":217,"218":218,"219":219,"220":220,"221":221,"222":222,"223":223,"224":224,"225":225,"226":226,"227":227,"228":228,"229":229,"230":230,"231":231,"232":232,"233":233,"234":234,"235":235,"236":236,"237":237,"238":238,"239":239,"240":240,"241":241,"242":242,"243":243,"244":244,"245":245,"246":246,"247":247,"248":248,"249":249,"250":250,"251":251,"252":252,"253":253,"254":254,"255":255,"BYTES_PER_ELEMENT":1,"buffer":{"0":0,"1":1,"2":2,"3":3,"4":4,"5":5,"6":6,"7":7,"8":8,"9":9,"10":10,"11":11,"12":12,"13":13,"14":14,"15":15,"16":16,"17":17,"18":18,"19":19,"20":20,"21":21,"22":22,"23":23,"24":24,"25":25,"26":26,"27":27,"28":28,"29":29,"30":30,"31":31,"32":32,"33":33,"34":34,"35":35,"36":36,"37":37,"38":38,"39":39,"40":40,"41":41,"42":42,"43":43,"44":44,"45":45,"46":46,"47":47,"48":48,"49":49,"50":50,"51":51,"52":52,"53":53,"54":54,"55":55,"56":56,"57":57,"58":58,"59":59,"60":60,"61":61,"62":62,"63":63,"64":64,"65":65,"66":66,"67":67,"68":68,"69":69,"70":70,"71":71,"72":72,"73":73,"74":74,"75":75,"76":76,"77":77,"78":78,"79":79,"80":80,"81":81,"82":82,"83":83,"84":84,"85":85,"86":86,"87":87,"88":88,"89":89,"90":90,"91":91,"92":92,"93":93,"94":94,"95":95,"96":96,"97":97,"98":98,"99":99,"100":100,"101":101,"102":102,"103":103,"104":104,"105":105,"106":106,"107":107,"108":108,"109":109,"110":110,"111":111,"112":112,"113":113,"114":114,"115":115,"116":116,"117":117,"118":118,"119":119,"120":120,"121":121,"122":122,"123":123,"124":124,"125":125,"126":126,"127":127,"128":128,"129":129,"130":130,"131":131,"132":132,"133":133,"134":134,"135":135,"136":136,"137":137,"138":138,"139":139,"140":140,"141":141,"142":142,"143":143,"144":144,"145":145,"146":146,"147":147,"148":148,"149":149,"150":150,"151":151,"152":152,"153":153,"154":154,"155":155,"156":156,"157":157,"158":158,"159":159,"160":160,"161":161,"162":162,"163":163,"164":164,"165":165,"166":166,"167":167,"168":168,"169":169,"170":170,"171":171,"172":172,"173":173,"174":174,"175":175,"176":176,"177":177,"178":178,"179":179,"180":180,"181":181,"182":182,"183":183,"184":184,"185":185,"186":186,"187":187,"188":188,"189":189,"190":190,"191":191,"192":192,"193":193,"194":194,"195":195,"196":196,"197":197,"198":198,"199":199,"200":200,"201":201,"202":202,"203":203,"204":204,"205":205,"206":206,"207":207,"208":208,"209":209,"210":210,"211":211,"212":212,"213":213,"214":214,"215":215,"216":216,"217":217,"218":218,"219":219,"220":220,"221":221,"222":222,"223":223,"224":224,"225":225,"226":226,"227":227,"228":228,"229":229,"230":230,"231":231,"232":232,"233":233,"234":234,"235":235,"236":236,"237":237,"238":238,"239":239,"240":240,"241":241,"242":242,"243":243,"244":244,"245":245,"246":246,"247":247,"248":248,"249":249,"250":250,"251":251,"252":252,"253":253,"254":254,"255":255,"byteLength":256},"length":256,"byteOffset":0,"byteLength":256}
